

                    - Flying Tigers, Version 1.00 - PACKING.LST -


                              F L Y I N G   T I G E R S
                             ---------------------------

                                     Version 1.00
                                    --------------

                               P A C K I N G    L I S T
                              --------------------------


          The complete Flying Tigers evaluation package should contain the
          following files.  Please ensure that each file is present.  If
          any of these files are missing then the package is not complete
          and is not suitable for distribution to others.  The complete
          package may be obtained directly from HomeBrew Software in a
          sealed envelope.

              File Name:                Purpose of File:
             ------------   ---------------------------------------------------
             TGR.EXE        Flying Tigers. START THIS
             START.BAT      Batch file to run Flying Tigers.
             PACKING.LST    This text file
             DESCRIBE.DOC   Sample descriptions for catalogs, BBSs, etc.
             ORDER.DOC      Product order information.
             SYSOP.DOC      Information for Bulletin Board System
                            distribution.
             VENDOR.DOC     Information and restrictions for disk vendors,
                            distributors, user groups, and more.
             WARRANTY.DOC   Important Warranty Information
             FILE_ID.DIZ    Short description for BBS software.
             BESTELL.CH     Bestellformular Schweiz
             BESTELL.DEU    Bestellformular Deutschland
             DOS4GW.EXE     DOS Extender
             FILE.LST       Not needed
             FT-ENG.FT1     English texts
             FT-GER.FT1     Deutsche Texte
             GRAVIS.BAT     Batch job for Gravis Cards
             HMIDET.386     Sound Drivers
             HMIDET.DRV     Sound Drivers
             HMIDRV.386     Sound Drivers
             HMIMDRV.386    Sound Drivers
             LIZENZ.DOK     deutsche Lizenzbestimmungen
             LOADPATS.EXE   Program for Gravis Ultra
             PATCHES.INI    Patches for Gracis Ultra
             SETUP.DOC      Doc for Music setup
             SETUP.EXE      Music and Sound setup
             TGR.DOC        English documentation for the game
             TIGER.DOK      Deutsche Anleitung
             GFX\BOSSB.GFX  Grafics for the game
             GFX\BOSSC.GFX
             GFX\BOSSD.GFX
             GFX\COLOR.PAL
             GFX\DATA.GFX
             GFX\SCEN2.GFX
             GFX\SCEN1.GFX
             GFX\SCEN3.GFX
             MUSIC\JAM1.SNG Music and Sounds for the game
             MUSIC\JAM2.SNG
             MUSIC\JAM3.SNG
             MUSIC\JAM4.SNG
             MUSIC\JAM5.SNG
             MUSIC\JAM6.SNG
             MUSIC\SOUND9.SND
             MUSIC\SOUND2.SND
             MUSIC\SOUND8.SND
             MUSIC\SOUND7.SND
             MUSIC\SOUND1.SND
             MUSIC\SOUND4.SND
             MUSIC\SOUND5.SND
             MUSIC\SOUND3.SND
             MUSIC\SOUND6.SND
             MUSIC\SOUNDA.SND
             MUSIC\SOUNDB.SND
             MUSIC\DRUM32.DIG
             MUSIC\DRUM.BNK
             MUSIC\MELODIC.BNK
             MAPS\STG2.MAP       Levels for the game
             MAPS\ENTRY.MAP
             MAPS\STG6.MAP
             MAPS\STG3.MAP
             MAPS\STG5.MAP
             MAPS\STG1.MAP
             MAPS\STG4.MAP
             MAPS\STG7.MAP
             MAPS\STG8.MAP
             MAPS\STG13.MAP
             MAPS\STG26.MAP
             MAPS\STG9.MAP
             MAPS\STG12.MAP
             MAPS\STG10.MAP
             MAPS\STG11.MAP

Packing List Information                                        Page 1 of 1

